// Jest Snapshot v1, https://goo.gl/fbAQLP

exports[`Tickable renders correctly enzyme 1`] = `
<styled.div>
  <div
    className="highLowContainer"
  >
    <p
      className="highLowValue"
    >
      0
    </p>
    <p
      className="highLowTextHeader"
    >
      LOW
    </p>
  </div>
  <div
    className="mainTextContainer"
  >
    <Animated(div)
      className=" mainText"
    >
      <Component />
    </Animated(div)>
  </div>
  <div
    className="highLowContainer"
  >
    <p
      className="highLowValue"
    >
      0
    </p>
    <p
      className="highLowTextHeader"
    >
      HIGH
    </p>
  </div>
</styled.div>
`;
